Calculating task graph as configuration cache cannot be reused because file 'app\build.gradle.kts' has changed.

> Configure project :app
WARNING: The option setting 'android.enableJetifier=true' is deprecated.
The current default is 'false'.
It will be removed in version 10.0 of the Android Gradle plugin.

> Task :app:preBuild UP-TO-DATE
> Task :app:generateReleaseAssets UP-TO-DATE
> Task :app:preDebugBuild UP-TO-DATE
> Task :app:generateDebugAssets UP-TO-DATE
> Task :app:mergeDebugNativeDebugMetadata NO-SOURCE
> Task :app:generateDebugResources
> Task :app:packageDebugResources
> Task :app:desugarDebugFileDependencies
> Task :app:javaPreCompileDebug
> Task :app:mapDebugSourceSetPaths
> Task :app:mergeDebugAssets
> Task :app:processDebugNavigationResources
> Task :app:checkDebugAarMetadata
> Task :app:checkDebugDuplicateClasses
> Task :app:parseDebugLocalResources
> Task :app:compressDebugAssets
> Task :app:generateDebugRFile
> Task :app:generateDebugGlobalSynthetics
> Task :app:createDebugCompatibleScreenManifests
> Task :app:extractDeepLinksDebug
> Task :app:compileDebugNavigationResources
> Task :app:mergeDebugJniLibFolders
> Task :app:mergeLibDexDebug
> Task :app:validateSigningDebug
> Task :app:writeDebugAppMetadata
> Task :app:writeDebugSigningConfigVersions
> Task :app:preReleaseBuild UP-TO-DATE
> Task :app:mergeReleaseJniLibFolders

> Task :app:processDebugMainManifest FAILED

See https://developer.android.com/r/studio-ui/build/manifest-merger for more information about the manifest merger.

.\gradlew : [org.tensorflow:tensorflow-lite:2.14.0] 
C:\Users\eric5\.gradle\caches\9.4.1\transforms\600030a443dc9b839c8b855d18692db4\transformed\jetified-tensorflow-lite-2.14.0\AndroidManifest.xml Error:
En línea: 1 Carácter: 55
+ ... ric5\AndroidStudioProjects\FacialNatura; .\gradlew build 2>&1 | tee b ...
+                                              ~~~~~~~~~~~~~~~~~~~~
    + CategoryInfo          : NotSpecified: ([org.tensorflow...fest.xml Error::String) [], RemoteException
    + FullyQualifiedErrorId : NativeCommandError
 
	Namespace 'org.tensorflow.lite' is used in multiple modules and/or libraries: org.tensorflow:tensorflow-lite:2.14.0, org.tensorflow:tensorflow-lite-api:2.14.0. Please ensure that all 
modules and libraries have a unique namespace. For more information, See https://developer.android.com/studio/build/configure-app-module#set-namespace
[org.tensorflow:tensorflow-lite-support:0.4.4] 
C:\Users\eric5\.gradle\caches\9.4.1\transforms\2e4bd18f2d99dcba7c189aef8c893913\transformed\jetified-tensorflow-lite-support-0.4.4\AndroidManifest.xml Error:
	Namespace 'org.tensorflow.lite.support' is used in multiple modules and/or libraries: org.tensorflow:tensorflow-lite-support:0.4.4, org.tensorflow:tensorflow-lite-support-api:0.4.4. 
Please ensure that all modules and libraries have a unique namespace. For more information, See https://developer.android.com/studio/build/configure-app-module#set-namespace
C:\Users\eric5\AndroidStudioProjects\FacialNatura\app\src\main\AndroidManifest.xml Error:
	Validation failed, exiting

> Task :app:mergeDebugNativeLibs
> Task :app:mergeReleaseNativeLibs
> Task :app:mergeDebugResources

> Task :app:compileDebugKotlin FAILED
e: file:///C:/Users/eric5/AndroidStudioProjects/FacialNatura/app/src/main/java/com/example/facialnatura/CameraFacePreview.kt:63:21 Unresolved reference 'cameraManager'.
e: file:///C:/Users/eric5/AndroidStudioProjects/FacialNatura/app/src/main/java/com/example/facialnatura/HomeActivity.kt:234:56 Unresolved reference. None of the following candidates is 
applicable because of a receiver type mismatch:
val Icons.Outlined.Logout: ImageVector
e: file:///C:/Users/eric5/AndroidStudioProjects/FacialNatura/app/src/main/java/com/example/facialnatura/SplashActivity.kt:25:12 Unresolved reference 'facelogin'.
e: file:///C:/Users/eric5/AndroidStudioProjects/FacialNatura/app/src/main/java/com/example/facialnatura/SplashActivity.kt:26:12 Unresolved reference 'facelogin'.
e: file:///C:/Users/eric5/AndroidStudioProjects/FacialNatura/app/src/main/java/com/example/facialnatura/data/repository/UserRepository.kt:43:19 Unresolved reference 
'suspendCancellableCoroutine'.
e: file:///C:/Users/eric5/AndroidStudioProjects/FacialNatura/app/src/main/java/com/example/facialnatura/data/repository/UserRepository.kt:43:49 Cannot infer type for this parameter. 
Specify it explicitly.
e: file:///C:/Users/eric5/AndroidStudioProjects/FacialNatura/app/src/main/java/com/example/facialnatura/data/repository/UserRepository.kt:44:21 Unresolved reference 
'addOnCompleteListener'.
e: file:///C:/Users/eric5/AndroidStudioProjects/FacialNatura/app/src/main/java/com/example/facialnatura/data/repository/UserRepository.kt:44:45 Cannot infer type for this parameter. 
Specify it explicitly.
e: file:///C:/Users/eric5/AndroidStudioProjects/FacialNatura/app/src/main/java/com/example/facialnatura/data/repository/UserRepository.kt:45:34 Unresolved reference 'isSuccessful'.
e: file:///C:/Users/eric5/AndroidStudioProjects/FacialNatura/app/src/main/java/com/example/facialnatura/data/repository/UserRepository.kt:48:42 Cannot infer type for this parameter. 
Specify it explicitly.
e: file:///C:/Users/eric5/AndroidStudioProjects/FacialNatura/app/src/main/java/com/example/facialnatura/data/repository/UserRepository.kt:48:42 Not enough information to infer type 
argument for 'T'.
e: file:///C:/Users/eric5/AndroidStudioProjects/FacialNatura/app/src/main/java/com/example/facialnatura/data/repository/UserRepository.kt:48:67 Unresolved reference 'exception'.
e: file:///C:/Users/eric5/AndroidStudioProjects/FacialNatura/app/src/main/java/com/example/facialnatura/data/repository/UserRepository.kt:66:65 Unresolved reference 
'suspendCancellableCoroutine'.
e: file:///C:/Users/eric5/AndroidStudioProjects/FacialNatura/app/src/main/java/com/example/facialnatura/data/repository/UserRepository.kt:66:95 Cannot infer type for this parameter. 
Specify it explicitly.
e: file:///C:/Users/eric5/AndroidStudioProjects/FacialNatura/app/src/main/java/com/example/facialnatura/data/repository/UserRepository.kt:67:21 Unresolved reference 
'addOnCompleteListener'.
e: file:///C:/Users/eric5/AndroidStudioProjects/FacialNatura/app/src/main/java/com/example/facialnatura/data/repository/UserRepository.kt:67:45 Cannot infer type for this parameter. 
Specify it explicitly.
e: file:///C:/Users/eric5/AndroidStudioProjects/FacialNatura/app/src/main/java/com/example/facialnatura/data/repository/UserRepository.kt:68:34 Unresolved reference 'isSuccessful'.
e: file:///C:/Users/eric5/AndroidStudioProjects/FacialNatura/app/src/main/java/com/example/facialnatura/data/repository/UserRepository.kt:69:42 Cannot infer type for this parameter. 
Specify it explicitly.
e: file:///C:/Users/eric5/AndroidStudioProjects/FacialNatura/app/src/main/java/com/example/facialnatura/data/repository/UserRepository.kt:69:54 Unresolved reference 'result'.
e: file:///C:/Users/eric5/AndroidStudioProjects/FacialNatura/app/src/main/java/com/example/facialnatura/data/repository/UserRepository.kt:71:42 Cannot infer type for this parameter. 
Specify it explicitly.
e: file:///C:/Users/eric5/AndroidStudioProjects/FacialNatura/app/src/main/java/com/example/facialnatura/data/repository/UserRepository.kt:71:42 Not enough information to infer type 
argument for 'T'.
e: file:///C:/Users/eric5/AndroidStudioProjects/FacialNatura/app/src/main/java/com/example/facialnatura/data/repository/UserRepository.kt:71:67 Unresolved reference 'exception'.
e: file:///C:/Users/eric5/AndroidStudioProjects/FacialNatura/app/src/main/java/com/example/facialnatura/data/repository/UserRepository.kt:79:35 Method 'iterator()' is ambiguous for this 
expression. Applicable candidates:
fun <T> Enumeration<T>.iterator(): Iterator<T>
fun <T> Iterator<T>.iterator(): Iterator<T>
fun <K, V> Map<out K, V>.iterator(): Iterator<Map.Entry<K, V>>
fun <K, V> MutableMap<K, V>.iterator(): MutableIterator<MutableMap.MutableEntry<K, V>>
fun CharSequence.iterator(): CharIterator
fun BufferedInputStream.iterator(): ByteIterator
e: file:///C:/Users/eric5/AndroidStudioProjects/FacialNatura/app/src/main/java/com/example/facialnatura/ml/FaceEmbeddingHelper.kt:38:43 Argument type mismatch: actual type is 
'ColorSpace.Named', but 'DataType!' was expected.
e: file:///C:/Users/eric5/AndroidStudioProjects/FacialNatura/app/src/main/java/com/example/facialnatura/utils/CameraManager.kt:37:51 Unresolved reference 'result'.

> Task :app:mergeExtDexDebug

FAILURE: Build completed with 2 failures.

1: Task failed with an exception.
-----------
* What went wrong:
Execution failed for task ':app:processDebugMainManifest'.
> Manifest merger failed with multiple errors, see logs

* Try:
> Run with --stacktrace option to get the stack trace.
> Run with --info or --debug option to get more log output.
> Run with --scan to get full insights from a Build Scan (powered by Develocity).
> Get more help at https://help.gradle.org.
==============================================================================

2: Task failed with an exception.
-----------
* What went wrong:
Execution failed for task ':app:compileDebugKotlin'.
> A failure occurred while executing org.jetbrains.kotlin.compilerRunner.GradleCompilerRunnerWithWorkers$GradleKotlinCompilerWorkAction
   > Compilation error. See log for more details

* Try:
> Run with --stacktrace option to get the stack trace.
> Run with --info or --debug option to get more log output.
> Run with --scan to get full insights from a Build Scan (powered by Develocity).
> Get more help at https://help.gradle.org.
==============================================================================

BUILD FAILED in 19s
28 actionable tasks: 28 executed
Configuration cache entry stored.
